// Jest Snapshot v1, https://goo.gl/fbAQLP

exports[`Prueba en <GifItem/> Deberia matchear con su snapshot 1`] = `
<div>
  <div
    class="card"
  >
    <img
      alt="Goku"
      src="https://dragon-ball.com/Goku.jpg"
    />
    <p>
      Goku
    </p>
  </div>
</div>
`;
